Starting a Gradle Daemon, 2 busy and 7 stopped Daemons could not be reused, use --status for details
> Task :Common:compileJava UP-TO-DATE
> Task :Common:processResources UP-TO-DATE
> Task :Common:classes UP-TO-DATE
> Task :Common:jar UP-TO-DATE
> Task :dashboard-service:compileJava UP-TO-DATE
> Task :dashboard-service:processResources UP-TO-DATE
> Task :dashboard-service:classes UP-TO-DATE
> Task :dashboard-service:resolveMainClassName UP-TO-DATE

> Task :dashboard-service:bootRun

  .   ____          _            __ _ _
 /\\ / ___'_ __ _ _(_)_ __  __ _ \ \ \ \
( ( )\___ | '_ | '_| | '_ \/ _` | \ \ \ \
 \\/  ___)| |_)| | | | | || (_| |  ) ) ) )
  '  |____| .__|_| |_|_| |_\__, | / / / /
 =========|_|==============|___/=/_/_/_/

 :: Spring Boot ::                (v3.5.5)

2026-04-11T12:42:21.257+07:00  INFO 25536 --- [dashboard-service] [           main] [                                                 ] c.C.d.DashboardServiceApplication        : Starting DashboardServiceApplication using Java 21.0.6 with PID 25536 (D:\Code\School_Project\Java\IE303-Restaurant\backend\dashboard-service\build\classes\java\main started by ADMIN in D:\Code\School_Project\Java\IE303-Restaurant\backend\dashboard-service)
2026-04-11T12:42:21.260+07:00  INFO 25536 --- [dashboard-service] [           main] [                                                 ] c.C.d.DashboardServiceApplication        : No active profile set, falling back to 1 default profile: "default"
2026-04-11T12:42:23.615+07:00  INFO 25536 --- [dashboard-service] [           main] [                                                 ] o.s.cloud.context.scope.GenericScope     : BeanFactory id=7cbc3cbe-2416-34dd-ac53-9dd1fc8fce32
2026-04-11T12:42:24.995+07:00  INFO 25536 --- [dashboard-service] [           main] [                                                 ] o.s.b.w.embedded.tomcat.TomcatWebServer  : Tomcat initialized with port 8089 (http)
2026-04-11T12:42:25.020+07:00  INFO 25536 --- [dashboard-service] [           main] [                                                 ] o.apache.catalina.core.StandardService   : Starting service [Tomcat]
2026-04-11T12:42:25.021+07:00  INFO 25536 --- [dashboard-service] [           main] [                                                 ] o.apache.catalina.core.StandardEngine    : Starting Servlet engine: [Apache Tomcat/10.1.44]
2026-04-11T12:42:25.205+07:00  INFO 25536 --- [dashboard-service] [           main] [                                                 ] o.a.c.c.C.[Tomcat].[localhost].[/]       : Initializing Spring embedded WebApplicationContext
2026-04-11T12:42:25.206+07:00  INFO 25536 --- [dashboard-service] [           main] [                                                 ] w.s.c.ServletWebServerApplicationContext : Root WebApplicationContext: initialization completed in 3874 ms
2026-04-11T12:42:27.159+07:00  INFO 25536 --- [dashboard-service] [           main] [                                                 ] o.s.c.openfeign.FeignClientFactoryBean   : For 'order-service' URL not provided. Will try picking an instance via load-balancing.
2026-04-11T12:42:27.398+07:00  INFO 25536 --- [dashboard-service] [           main] [                                                 ] o.s.c.openfeign.FeignClientFactoryBean   : For 'restaurant-service' URL not provided. Will try picking an instance via load-balancing.
2026-04-11T12:42:27.561+07:00  INFO 25536 --- [dashboard-service] [           main] [                                                 ] o.s.c.openfeign.FeignClientFactoryBean   : For 'user-service' URL not provided. Will try picking an instance via load-balancing.
2026-04-11T12:42:33.338+07:00  INFO 25536 --- [dashboard-service] [           main] [                                                 ] o.s.b.a.e.web.EndpointLinksResolver      : Exposing 27 endpoints beneath base path '/actuator'
2026-04-11T12:42:42.301+07:00  INFO 25536 --- [dashboard-service] [           main] [                                                 ] DiscoveryClientOptionalArgsConfiguration : Eureka HTTP Client uses RestTemplate.
2026-04-11T12:42:42.400+07:00  WARN 25536 --- [dashboard-service] [           main] [                                                 ] iguration$LoadBalancerCaffeineWarnLogger : Spring Cloud LoadBalancer is currently working with the default cache. While this cache implementation is useful for development and tests, it's recommended to use Caffeine cache in production.You can switch to using Caffeine cache, by adding it and org.springframework.cache.caffeine.CaffeineCacheManager to the classpath.
2026-04-11T12:42:42.537+07:00  INFO 25536 --- [dashboard-service] [           main] [                                                 ] o.s.c.n.eureka.InstanceInfoFactory       : Setting initial instance status as: STARTING
2026-04-11T12:42:42.607+07:00  INFO 25536 --- [dashboard-service] [           main] [                                                 ] com.netflix.discovery.DiscoveryClient    : Initializing Eureka in region us-east-1
2026-04-11T12:42:42.614+07:00  INFO 25536 --- [dashboard-service] [           main] [                                                 ] c.n.d.s.r.aws.ConfigClusterResolver      : Resolving eureka endpoints via configuration
2026-04-11T12:42:42.633+07:00  INFO 25536 --- [dashboard-service] [           main] [                                                 ] com.netflix.discovery.DiscoveryClient    : Disable delta property : false
2026-04-11T12:42:42.633+07:00  INFO 25536 --- [dashboard-service] [           main] [                                                 ] com.netflix.discovery.DiscoveryClient    : Single vip registry refresh property : null
2026-04-11T12:42:42.633+07:00  INFO 25536 --- [dashboard-service] [           main] [                                                 ] com.netflix.discovery.DiscoveryClient    : Force full registry fetch : false
2026-04-11T12:42:42.633+07:00  INFO 25536 --- [dashboard-service] [           main] [                                                 ] com.netflix.discovery.DiscoveryClient    : Application is null : false
2026-04-11T12:42:42.633+07:00  INFO 25536 --- [dashboard-service] [           main] [                                                 ] com.netflix.discovery.DiscoveryClient    : Registered Applications size is zero : true
2026-04-11T12:42:42.633+07:00  INFO 25536 --- [dashboard-service] [           main] [                                                 ] com.netflix.discovery.DiscoveryClient    : Application version is -1: true
2026-04-11T12:42:42.633+07:00  INFO 25536 --- [dashboard-service] [           main] [                                                 ] com.netflix.discovery.DiscoveryClient    : Getting all instance registry info from the eureka server
2026-04-11T12:42:50.033+07:00  INFO 25536 --- [dashboard-service] [           main] [                                                 ] com.netflix.discovery.DiscoveryClient    : The response status is 200
2026-04-11T12:42:50.034+07:00  INFO 25536 --- [dashboard-service] [           main] [                                                 ] com.netflix.discovery.DiscoveryClient    : Starting heartbeat executor: renew interval is: 30
2026-04-11T12:42:50.037+07:00  INFO 25536 --- [dashboard-service] [           main] [                                                 ] c.n.discovery.InstanceInfoReplicator     : InstanceInfoReplicator onDemand update allowed rate per min is 4
2026-04-11T12:42:50.047+07:00  INFO 25536 --- [dashboard-service] [           main] [                                                 ] com.netflix.discovery.DiscoveryClient    : Discovery Client initialized at timestamp 1775886170037 with initial instances count: 0
2026-04-11T12:42:50.062+07:00  INFO 25536 --- [dashboard-service] [           main] [                                                 ] o.s.c.n.e.s.EurekaServiceRegistry        : Registering application DASHBOARD-SERVICE with eureka with status UP
2026-04-11T12:42:50.063+07:00  INFO 25536 --- [dashboard-service] [           main] [                                                 ] com.netflix.discovery.DiscoveryClient    : Saw local status change event StatusChangeEvent [timestamp=1775886170063, current=UP, previous=STARTING]
2026-04-11T12:42:50.064+07:00  INFO 25536 --- [dashboard-service] [foReplicator-%d] [                                                 ] com.netflix.discovery.DiscoveryClient    : DiscoveryClient_DASHBOARD-SERVICE/dashboard-service:8089:644743f1e4d45ba7a7ed1139fec11ac0: registering service...
2026-04-11T12:42:50.115+07:00  INFO 25536 --- [dashboard-service] [           main] [                                                 ] o.s.b.w.embedded.tomcat.TomcatWebServer  : Tomcat started on port 8089 (http) with context path '/'
2026-04-11T12:42:50.118+07:00  INFO 25536 --- [dashboard-service] [           main] [                                                 ] .s.c.n.e.s.EurekaAutoServiceRegistration : Updating port to 8089
2026-04-11T12:42:50.146+07:00  INFO 25536 --- [dashboard-service] [           main] [                                                 ] c.C.d.DashboardServiceApplication        : Started DashboardServiceApplication in 29.506 seconds (process running for 30.215)
2026-04-11T12:42:51.689+07:00  INFO 25536 --- [dashboard-service] [foReplicator-%d] [                                                 ] com.netflix.discovery.DiscoveryClient    : DiscoveryClient_DASHBOARD-SERVICE/dashboard-service:8089:644743f1e4d45ba7a7ed1139fec11ac0 - registration status: 204
2026-04-11T12:43:01.307+07:00  WARN 25536 --- [dashboard-service] [/api/v2/spans}}] [                                                 ] z.r.i.AsyncReporter$BoundedAsyncReporter : Spans were dropped due to exceptions. All subsequent errors will be logged at FINE level.
2026-04-11T12:43:01.308+07:00  WARN 25536 --- [dashboard-service] [/api/v2/spans}}] [                                                 ] z.r.i.AsyncReporter$BoundedAsyncReporter : Dropped 1 spans due to HttpTimeoutException(request timed out)

java.net.http.HttpTimeoutException: request timed out
	at java.net.http/jdk.internal.net.http.HttpClientImpl.send(HttpClientImpl.java:949) ~[java.net.http:na]
	at java.net.http/jdk.internal.net.http.HttpClientFacade.send(HttpClientFacade.java:133) ~[java.net.http:na]
	at org.springframework.boot.actuate.autoconfigure.tracing.zipkin.ZipkinHttpClientSender.postSpans(ZipkinHttpClientSender.java:60) ~[spring-boot-actuator-autoconfigure-3.5.5.jar:3.5.5]
	at org.springframework.boot.actuate.autoconfigure.tracing.zipkin.HttpSender.postSpans(HttpSender.java:69) ~[spring-boot-actuator-autoconfigure-3.5.5.jar:3.5.5]
	at org.springframework.boot.actuate.autoconfigure.tracing.zipkin.HttpSender.postSpans(HttpSender.java:41) ~[spring-boot-actuator-autoconfigure-3.5.5.jar:3.5.5]
	at zipkin2.reporter.BaseHttpSender.send(BaseHttpSender.java:123) ~[zipkin-reporter-3.5.1.jar:na]
	at zipkin2.reporter.internal.AsyncReporter$BoundedAsyncReporter.flush(AsyncReporter.java:266) ~[zipkin-reporter-3.5.1.jar:na]
	at zipkin2.reporter.internal.AsyncReporter$Flusher.run(AsyncReporter.java:352) ~[zipkin-reporter-3.5.1.jar:na]
	at java.base/java.lang.Thread.run(Thread.java:1583) ~[na:na]

2026-04-11T12:43:20.039+07:00  INFO 25536 --- [dashboard-service] [reshExecutor-%d] [                                                 ] com.netflix.discovery.DiscoveryClient    : Disable delta property : false
2026-04-11T12:43:20.039+07:00  INFO 25536 --- [dashboard-service] [reshExecutor-%d] [                                                 ] com.netflix.discovery.DiscoveryClient    : Single vip registry refresh property : null
2026-04-11T12:43:20.039+07:00  INFO 25536 --- [dashboard-service] [reshExecutor-%d] [                                                 ] com.netflix.discovery.DiscoveryClient    : Force full registry fetch : false
2026-04-11T12:43:20.039+07:00  INFO 25536 --- [dashboard-service] [reshExecutor-%d] [                                                 ] com.netflix.discovery.DiscoveryClient    : Application is null : false
2026-04-11T12:43:20.039+07:00  INFO 25536 --- [dashboard-service] [reshExecutor-%d] [                                                 ] com.netflix.discovery.DiscoveryClient    : Registered Applications size is zero : true
2026-04-11T12:43:20.039+07:00  INFO 25536 --- [dashboard-service] [reshExecutor-%d] [                                                 ] com.netflix.discovery.DiscoveryClient    : Application version is -1: false
2026-04-11T12:43:20.039+07:00  INFO 25536 --- [dashboard-service] [reshExecutor-%d] [                                                 ] com.netflix.discovery.DiscoveryClient    : Getting all instance registry info from the eureka server
2026-04-11T12:43:20.085+07:00  INFO 25536 --- [dashboard-service] [reshExecutor-%d] [                                                 ] com.netflix.discovery.DiscoveryClient    : The response status is 200
2026-04-11T12:47:42.641+07:00  INFO 25536 --- [dashboard-service] [rap-executor-%d] [                                                 ] c.n.d.s.r.aws.ConfigClusterResolver      : Resolving eureka endpoints via configuration
2026-04-11T12:49:07.884+07:00  INFO 25536 --- [dashboard-service] [nio-8089-exec-5] [                                                 ] o.a.c.c.C.[Tomcat].[localhost].[/]       : Initializing Spring DispatcherServlet 'dispatcherServlet'
2026-04-11T12:49:07.886+07:00  INFO 25536 --- [dashboard-service] [nio-8089-exec-5] [                                                 ] o.s.web.servlet.DispatcherServlet        : Initializing Servlet 'dispatcherServlet'
2026-04-11T12:49:08.061+07:00  INFO 25536 --- [dashboard-service] [nio-8089-exec-5] [                                                 ] o.s.web.servlet.DispatcherServlet        : Completed initialization in 175 ms
OrderStatusResponse com.CNTTK18.dashboard_service.service.DashboardAnalyticsService.getOrderStatusSummary(String) executed in 538ms
RevenueResponse com.CNTTK18.dashboard_service.service.DashboardAnalyticsService.getRevenue(String) executed in 640ms
List com.CNTTK18.dashboard_service.service.DashboardAnalyticsService.getHourlyOrders(LocalDate) executed in 660ms
TopProductsResponse com.CNTTK18.dashboard_service.service.DashboardAnalyticsService.getTopProducts(String,int) executed in 646ms
RevenueCompareResponse com.CNTTK18.dashboard_service.service.DashboardAnalyticsService.getRevenueCompare(String) executed in 695ms
OverviewResponse com.CNTTK18.dashboard_service.service.DashboardAnalyticsService.getOverview() executed in 712ms
RevenueByRestaurantResponse com.CNTTK18.dashboard_service.service.DashboardAnalyticsService.getRevenueByRestaurant(String,int) executed in 73ms
List com.CNTTK18.dashboard_service.service.DashboardAnalyticsService.getRecentOrders(int) executed in 188ms
RestaurantAdminStatsResponse com.CNTTK18.dashboard_service.service.RestaurantStatsAggregationService.getAdminStats() executed in 5693ms
UserAdminStatsOverviewResponse com.CNTTK18.dashboard_service.service.UserStatsAggregationService.getAdminStatsOverview() executed in 17840ms
List com.CNTTK18.dashboard_service.service.DashboardAnalyticsService.getHourlyOrders(LocalDate) executed in 33ms
RevenueResponse com.CNTTK18.dashboard_service.service.DashboardAnalyticsService.getRevenue(String) executed in 44ms
TopProductsResponse com.CNTTK18.dashboard_service.service.DashboardAnalyticsService.getTopProducts(String,int) executed in 81ms
RevenueCompareResponse com.CNTTK18.dashboard_service.service.DashboardAnalyticsService.getRevenueCompare(String) executed in 91ms
RevenueByRestaurantResponse com.CNTTK18.dashboard_service.service.DashboardAnalyticsService.getRevenueByRestaurant(String,int) executed in 46ms
List com.CNTTK18.dashboard_service.service.DashboardAnalyticsService.getRecentOrders(int) executed in 48ms
RestaurantAdminStatsResponse com.CNTTK18.dashboard_service.service.RestaurantStatsAggregationService.getAdminStats() executed in 71ms
UserAdminStatsOverviewResponse com.CNTTK18.dashboard_service.service.UserStatsAggregationService.getAdminStatsOverview() executed in 121ms
OrderStatusResponse com.CNTTK18.dashboard_service.service.DashboardAnalyticsService.getOrderStatusSummary(String) executed in 354ms
OverviewResponse com.CNTTK18.dashboard_service.service.DashboardAnalyticsService.getOverview() executed in 361ms
RevenueResponse com.CNTTK18.dashboard_service.service.DashboardAnalyticsService.getRevenue(String) executed in 27ms
List com.CNTTK18.dashboard_service.service.DashboardAnalyticsService.getHourlyOrders(LocalDate) executed in 58ms
TopProductsResponse com.CNTTK18.dashboard_service.service.DashboardAnalyticsService.getTopProducts(String,int) executed in 79ms
RevenueCompareResponse com.CNTTK18.dashboard_service.service.DashboardAnalyticsService.getRevenueCompare(String) executed in 127ms
List com.CNTTK18.dashboard_service.service.DashboardAnalyticsService.getRecentOrders(int) executed in 29ms
OverviewResponse com.CNTTK18.dashboard_service.service.DashboardAnalyticsService.getOverview() executed in 179ms
RevenueByRestaurantResponse com.CNTTK18.dashboard_service.service.DashboardAnalyticsService.getRevenueByRestaurant(String,int) executed in 22ms
OrderStatusResponse com.CNTTK18.dashboard_service.service.DashboardAnalyticsService.getOrderStatusSummary(String) executed in 172ms
RestaurantAdminStatsResponse com.CNTTK18.dashboard_service.service.RestaurantStatsAggregationService.getAdminStats() executed in 107ms
UserAdminStatsOverviewResponse com.CNTTK18.dashboard_service.service.UserStatsAggregationService.getAdminStatsOverview() executed in 94ms
2026-04-11T12:52:42.751+07:00  INFO 25536 --- [dashboard-service] [rap-executor-%d] [                                                 ] c.n.d.s.r.aws.ConfigClusterResolver      : Resolving eureka endpoints via configuration
2026-04-11T12:57:42.764+07:00  INFO 25536 --- [dashboard-service] [rap-executor-%d] [                                                 ] c.n.d.s.r.aws.ConfigClusterResolver      : Resolving eureka endpoints via configuration
2026-04-11T13:02:42.776+07:00  INFO 25536 --- [dashboard-service] [rap-executor-%d] [                                                 ] c.n.d.s.r.aws.ConfigClusterResolver      : Resolving eureka endpoints via configuration
2026-04-11T13:07:42.788+07:00  INFO 25536 --- [dashboard-service] [rap-executor-%d] [                                                 ] c.n.d.s.r.aws.ConfigClusterResolver      : Resolving eureka endpoints via configuration
2026-04-11T13:12:42.792+07:00  INFO 25536 --- [dashboard-service] [rap-executor-%d] [                                                 ] c.n.d.s.r.aws.ConfigClusterResolver      : Resolving eureka endpoints via configuration
2026-04-11T13:17:42.794+07:00  INFO 25536 --- [dashboard-service] [rap-executor-%d] [                                                 ] c.n.d.s.r.aws.ConfigClusterResolver      : Resolving eureka endpoints via configuration
2026-04-11T13:22:42.798+07:00  INFO 25536 --- [dashboard-service] [rap-executor-%d] [                                                 ] c.n.d.s.r.aws.ConfigClusterResolver      : Resolving eureka endpoints via configuration
2026-04-11T13:27:42.815+07:00  INFO 25536 --- [dashboard-service] [rap-executor-%d] [                                                 ] c.n.d.s.r.aws.ConfigClusterResolver      : Resolving eureka endpoints via configuration
List com.CNTTK18.dashboard_service.service.DashboardAnalyticsService.getHourlyOrders(LocalDate) executed in 480ms
TopProductsResponse com.CNTTK18.dashboard_service.service.DashboardAnalyticsService.getTopProducts(String,int) executed in 471ms
RevenueResponse com.CNTTK18.dashboard_service.service.DashboardAnalyticsService.getRevenue(String) executed in 479ms
RevenueCompareResponse com.CNTTK18.dashboard_service.service.DashboardAnalyticsService.getRevenueCompare(String) executed in 564ms
OverviewResponse com.CNTTK18.dashboard_service.service.DashboardAnalyticsService.getOverview() executed in 757ms
OrderStatusResponse com.CNTTK18.dashboard_service.service.DashboardAnalyticsService.getOrderStatusSummary(String) executed in 746ms
RevenueByRestaurantResponse com.CNTTK18.dashboard_service.service.DashboardAnalyticsService.getRevenueByRestaurant(String,int) executed in 126ms
List com.CNTTK18.dashboard_service.service.DashboardAnalyticsService.getRecentOrders(int) executed in 152ms
RestaurantAdminStatsResponse com.CNTTK18.dashboard_service.service.RestaurantStatsAggregationService.getAdminStats() executed in 621ms
UserAdminStatsOverviewResponse com.CNTTK18.dashboard_service.service.UserStatsAggregationService.getAdminStatsOverview() executed in 904ms
2026-04-11T13:32:42.825+07:00  INFO 25536 --- [dashboard-service] [rap-executor-%d] [                                                 ] c.n.d.s.r.aws.ConfigClusterResolver      : Resolving eureka endpoints via configuration
