Starting a Gradle Daemon, 2 busy and 7 stopped Daemons could not be reused, use --status for details
> Task :Common:compileJava UP-TO-DATE
> Task :Common:processResources UP-TO-DATE
> Task :Common:classes UP-TO-DATE
> Task :Common:jar UP-TO-DATE
> Task :order-service:compileJava UP-TO-DATE
> Task :order-service:processResources UP-TO-DATE
> Task :order-service:classes UP-TO-DATE
> Task :order-service:resolveMainClassName UP-TO-DATE

> Task :order-service:bootRun

  .   ____          _            __ _ _
 /\\ / ___'_ __ _ _(_)_ __  __ _ \ \ \ \
( ( )\___ | '_ | '_| | '_ \/ _` | \ \ \ \
 \\/  ___)| |_)| | | | | || (_| |  ) ) ) )
  '  |____| .__|_| |_|_| |_\__, | / / / /
 =========|_|==============|___/=/_/_/_/

 :: Spring Boot ::                (v3.5.5)

2026-04-11T12:42:24.604+07:00  INFO 30348 --- [order-service] [  restartedMain] [                                                 ] c.C.o.OrderServiceApplication            : Starting OrderServiceApplication using Java 21.0.6 with PID 30348 (D:\Code\School_Project\Java\IE303-Restaurant\backend\order-service\build\classes\java\main started by ADMIN in D:\Code\School_Project\Java\IE303-Restaurant\backend\order-service)
2026-04-11T12:42:24.608+07:00  INFO 30348 --- [order-service] [  restartedMain] [                                                 ] c.C.o.OrderServiceApplication            : No active profile set, falling back to 1 default profile: "default"
2026-04-11T12:42:24.688+07:00  INFO 30348 --- [order-service] [  restartedMain] [                                                 ] .e.DevToolsPropertyDefaultsPostProcessor : Devtools property defaults active! Set 'spring.devtools.add-properties' to 'false' to disable
2026-04-11T12:42:24.688+07:00  INFO 30348 --- [order-service] [  restartedMain] [                                                 ] .e.DevToolsPropertyDefaultsPostProcessor : For additional web related logging consider setting the 'logging.level.web' property to 'DEBUG'
2026-04-11T12:42:27.678+07:00  INFO 30348 --- [order-service] [  restartedMain] [                                                 ] .s.d.r.c.RepositoryConfigurationDelegate : Multiple Spring Data modules found, entering strict repository configuration mode
2026-04-11T12:42:27.680+07:00  INFO 30348 --- [order-service] [  restartedMain] [                                                 ] .s.d.r.c.RepositoryConfigurationDelegate : Bootstrapping Spring Data MongoDB repositories in DEFAULT mode.
2026-04-11T12:42:33.146+07:00  INFO 30348 --- [order-service] [  restartedMain] [                                                 ] .s.d.r.c.RepositoryConfigurationDelegate : Finished Spring Data repository scanning in 5457 ms. Found 2 MongoDB repository interfaces.
2026-04-11T12:42:34.388+07:00  INFO 30348 --- [order-service] [  restartedMain] [                                                 ] .s.d.r.c.RepositoryConfigurationDelegate : Multiple Spring Data modules found, entering strict repository configuration mode
2026-04-11T12:42:34.389+07:00  INFO 30348 --- [order-service] [  restartedMain] [                                                 ] .s.d.r.c.RepositoryConfigurationDelegate : Bootstrapping Spring Data Redis repositories in DEFAULT mode.
2026-04-11T12:42:35.274+07:00  INFO 30348 --- [order-service] [  restartedMain] [                                                 ] .RepositoryConfigurationExtensionSupport : Spring Data Redis - Could not safely identify store assignment for repository candidate interface com.CNTTK18.order_service.repository.CartRepository; If you want this repository to be a Redis repository, consider annotating your entities with one of these annotations: org.springframework.data.redis.core.RedisHash (preferred), or consider extending one of the following types with your repository: org.springframework.data.keyvalue.repository.KeyValueRepository
2026-04-11T12:42:35.276+07:00  INFO 30348 --- [order-service] [  restartedMain] [                                                 ] .RepositoryConfigurationExtensionSupport : Spring Data Redis - Could not safely identify store assignment for repository candidate interface com.CNTTK18.order_service.repository.OrderRepository; If you want this repository to be a Redis repository, consider annotating your entities with one of these annotations: org.springframework.data.redis.core.RedisHash (preferred), or consider extending one of the following types with your repository: org.springframework.data.keyvalue.repository.KeyValueRepository
2026-04-11T12:42:35.277+07:00  INFO 30348 --- [order-service] [  restartedMain] [                                                 ] .s.d.r.c.RepositoryConfigurationDelegate : Finished Spring Data repository scanning in 107 ms. Found 0 Redis repository interfaces.
2026-04-11T12:42:39.907+07:00  INFO 30348 --- [order-service] [  restartedMain] [                                                 ] o.s.cloud.context.scope.GenericScope     : BeanFactory id=0849e0c7-9b7a-33e9-9e49-1cf92368791e
2026-04-11T12:42:41.503+07:00  INFO 30348 --- [order-service] [  restartedMain] [                                                 ] o.s.b.w.embedded.tomcat.TomcatWebServer  : Tomcat initialized with port 8083 (http)
2026-04-11T12:42:41.519+07:00  INFO 30348 --- [order-service] [  restartedMain] [                                                 ] o.apache.catalina.core.StandardService   : Starting service [Tomcat]
2026-04-11T12:42:41.520+07:00  INFO 30348 --- [order-service] [  restartedMain] [                                                 ] o.apache.catalina.core.StandardEngine    : Starting Servlet engine: [Apache Tomcat/10.1.44]
2026-04-11T12:42:41.617+07:00  INFO 30348 --- [order-service] [  restartedMain] [                                                 ] o.a.c.c.C.[Tomcat].[localhost].[/]       : Initializing Spring embedded WebApplicationContext
2026-04-11T12:42:41.618+07:00  INFO 30348 --- [order-service] [  restartedMain] [                                                 ] w.s.c.ServletWebServerApplicationContext : Root WebApplicationContext: initialization completed in 16930 ms
2026-04-11T12:42:43.420+07:00  INFO 30348 --- [order-service] [  restartedMain] [                                                 ] org.mongodb.driver.client                : MongoClient with metadata {"driver": {"name": "mongo-java-driver|sync|spring-boot", "version": "5.5.1"}, "os": {"type": "Windows", "name": "Windows 11", "architecture": "amd64", "version": "10.0"}, "platform": "Java/Oracle Corporation/21.0.6+8-LTS-188"} created with settings MongoClientSettings{readPreference=primary, writeConcern=WriteConcern{w=null, wTimeout=null ms, journal=null}, retryWrites=true, retryReads=true, readConcern=ReadConcern{level=null}, credential=null, transportSettings=null, commandListeners=[io.micrometer.core.instrument.binder.mongodb.MongoMetricsCommandListener@2760f324], codecRegistry=ProvidersCodecRegistry{codecProviders=[ValueCodecProvider{}, BsonValueCodecProvider{}, DBRefCodecProvider{}, DBObjectCodecProvider{}, DocumentCodecProvider{}, CollectionCodecProvider{}, IterableCodecProvider{}, MapCodecProvider{}, GeoJsonCodecProvider{}, GridFSFileCodecProvider{}, Jsr310CodecProvider{}, JsonObjectCodecProvider{}, BsonCodecProvider{}, EnumCodecProvider{}, com.mongodb.client.model.mql.ExpressionCodecProvider@6552cc86, com.mongodb.Jep395RecordCodecProvider@14159b2e, com.mongodb.KotlinCodecProvider@354ea93d]}, loggerSettings=LoggerSettings{maxDocumentLength=1000}, clusterSettings={hosts=[localhost:27017], srvServiceName=mongodb, mode=SINGLE, requiredClusterType=UNKNOWN, requiredReplicaSetName='null', serverSelector='null', clusterListeners='[]', serverSelectionTimeout='30000 ms', localThreshold='15 ms'}, socketSettings=SocketSettings{connectTimeoutMS=10000, readTimeoutMS=0, receiveBufferSize=0, proxySettings=ProxySettings{host=null, port=null, username=null, password=null}}, heartbeatSocketSettings=SocketSettings{connectTimeoutMS=10000, readTimeoutMS=10000, receiveBufferSize=0, proxySettings=ProxySettings{host=null, port=null, username=null, password=null}}, connectionPoolSettings=ConnectionPoolSettings{maxSize=100, minSize=0, maxWaitTimeMS=120000, maxConnectionLifeTimeMS=0, maxConnectionIdleTimeMS=0, maintenanceInitialDelayMS=0, maintenanceFrequencyMS=60000, connectionPoolListeners=[io.micrometer.core.instrument.binder.mongodb.MongoMetricsConnectionPoolListener@15979563], maxConnecting=2}, serverSettings=ServerSettings{heartbeatFrequencyMS=10000, minHeartbeatFrequencyMS=500, serverMonitoringMode=AUTO, serverListeners='[]', serverMonitorListeners='[]'}, sslSettings=SslSettings{enabled=false, invalidHostNameAllowed=false, context=null}, applicationName='null', compressorList=[], uuidRepresentation=JAVA_LEGACY, serverApi=null, autoEncryptionSettings=null, dnsClient=null, inetAddressResolver=null, contextProvider=null, timeoutMS=null}
2026-04-11T12:42:43.621+07:00  INFO 30348 --- [order-service] [localhost:27017] [                                                 ] org.mongodb.driver.cluster               : Monitor thread successfully connected to server with description ServerDescription{address=localhost:27017, type=STANDALONE, cryptd=false, state=CONNECTED, ok=true, minWireVersion=0, maxWireVersion=21, maxDocumentSize=16777216, logicalSessionTimeoutMinutes=30, roundTripTimeNanos=284409600, minRoundTripTimeNanos=0}
2026-04-11T12:42:44.399+07:00  INFO 30348 --- [order-service] [  restartedMain] [                                                 ] o.s.b.d.a.OptionalLiveReloadServer       : LiveReload server is running on port 35729
2026-04-11T12:42:48.018+07:00  INFO 30348 --- [order-service] [  restartedMain] [                                                 ] o.s.b.a.e.web.EndpointLinksResolver      : Exposing 31 endpoints beneath base path '/actuator'
2026-04-11T12:42:48.107+07:00  WARN 30348 --- [order-service] [  restartedMain] [                                                 ] .s.s.UserDetailsServiceAutoConfiguration : 

Using generated security password: d0983224-fadd-4824-8f28-3c71c90cc8e6

This generated password is for development use only. Your security configuration must be updated before running your application in production.

2026-04-11T12:42:48.124+07:00  INFO 30348 --- [order-service] [  restartedMain] [                                                 ] r$InitializeUserDetailsManagerConfigurer : Global AuthenticationManager configured with UserDetailsService bean with name inMemoryUserDetailsManager
2026-04-11T12:42:49.936+07:00  INFO 30348 --- [order-service] [  restartedMain] [                                                 ] DiscoveryClientOptionalArgsConfiguration : Eureka HTTP Client uses RestTemplate.
2026-04-11T12:42:50.073+07:00  WARN 30348 --- [order-service] [  restartedMain] [                                                 ] iguration$LoadBalancerCaffeineWarnLogger : Spring Cloud LoadBalancer is currently working with the default cache. While this cache implementation is useful for development and tests, it's recommended to use Caffeine cache in production.You can switch to using Caffeine cache, by adding it and org.springframework.cache.caffeine.CaffeineCacheManager to the classpath.
2026-04-11T12:42:50.272+07:00  INFO 30348 --- [order-service] [  restartedMain] [                                                 ] o.s.c.n.eureka.InstanceInfoFactory       : Setting initial instance status as: STARTING
2026-04-11T12:42:50.296+07:00  INFO 30348 --- [order-service] [  restartedMain] [                                                 ] com.netflix.discovery.DiscoveryClient    : Initializing Eureka in region us-east-1
2026-04-11T12:42:50.300+07:00  INFO 30348 --- [order-service] [  restartedMain] [                                                 ] c.n.d.s.r.aws.ConfigClusterResolver      : Resolving eureka endpoints via configuration
2026-04-11T12:42:50.306+07:00  INFO 30348 --- [order-service] [  restartedMain] [                                                 ] com.netflix.discovery.DiscoveryClient    : Disable delta property : false
2026-04-11T12:42:50.307+07:00  INFO 30348 --- [order-service] [  restartedMain] [                                                 ] com.netflix.discovery.DiscoveryClient    : Single vip registry refresh property : null
2026-04-11T12:42:50.307+07:00  INFO 30348 --- [order-service] [  restartedMain] [                                                 ] com.netflix.discovery.DiscoveryClient    : Force full registry fetch : false
2026-04-11T12:42:50.307+07:00  INFO 30348 --- [order-service] [  restartedMain] [                                                 ] com.netflix.discovery.DiscoveryClient    : Application is null : false
2026-04-11T12:42:50.307+07:00  INFO 30348 --- [order-service] [  restartedMain] [                                                 ] com.netflix.discovery.DiscoveryClient    : Registered Applications size is zero : true
2026-04-11T12:42:50.307+07:00  INFO 30348 --- [order-service] [  restartedMain] [                                                 ] com.netflix.discovery.DiscoveryClient    : Application version is -1: true
2026-04-11T12:42:50.307+07:00  INFO 30348 --- [order-service] [  restartedMain] [                                                 ] com.netflix.discovery.DiscoveryClient    : Getting all instance registry info from the eureka server
2026-04-11T12:42:50.665+07:00  INFO 30348 --- [order-service] [  restartedMain] [                                                 ] com.netflix.discovery.DiscoveryClient    : The response status is 200
2026-04-11T12:42:50.666+07:00  INFO 30348 --- [order-service] [  restartedMain] [                                                 ] com.netflix.discovery.DiscoveryClient    : Starting heartbeat executor: renew interval is: 30
2026-04-11T12:42:50.668+07:00  INFO 30348 --- [order-service] [  restartedMain] [                                                 ] c.n.discovery.InstanceInfoReplicator     : InstanceInfoReplicator onDemand update allowed rate per min is 4
2026-04-11T12:42:50.669+07:00  INFO 30348 --- [order-service] [  restartedMain] [                                                 ] com.netflix.discovery.DiscoveryClient    : Discovery Client initialized at timestamp 1775886170669 with initial instances count: 0
2026-04-11T12:42:50.684+07:00  INFO 30348 --- [order-service] [  restartedMain] [                                                 ] o.s.c.n.e.s.EurekaServiceRegistry        : Registering application ORDER-SERVICE with eureka with status UP
2026-04-11T12:42:50.686+07:00  INFO 30348 --- [order-service] [  restartedMain] [                                                 ] com.netflix.discovery.DiscoveryClient    : Saw local status change event StatusChangeEvent [timestamp=1775886170686, current=UP, previous=STARTING]
2026-04-11T12:42:50.687+07:00  INFO 30348 --- [order-service] [foReplicator-%d] [                                                 ] com.netflix.discovery.DiscoveryClient    : DiscoveryClient_ORDER-SERVICE/order-service:8083:ee9fba808ee5439e7100c26c09882d11: registering service...
2026-04-11T12:42:50.703+07:00  INFO 30348 --- [order-service] [  restartedMain] [                                                 ] o.s.b.w.embedded.tomcat.TomcatWebServer  : Tomcat started on port 8083 (http) with context path '/'
2026-04-11T12:42:50.704+07:00  INFO 30348 --- [order-service] [  restartedMain] [                                                 ] .s.c.n.e.s.EurekaAutoServiceRegistration : Updating port to 8083
2026-04-11T12:42:50.719+07:00  INFO 30348 --- [order-service] [  restartedMain] [                                                 ] o.s.a.r.c.CachingConnectionFactory       : Attempting to connect to: [localhost:5672]
2026-04-11T12:42:51.689+07:00  INFO 30348 --- [order-service] [foReplicator-%d] [                                                 ] com.netflix.discovery.DiscoveryClient    : DiscoveryClient_ORDER-SERVICE/order-service:8083:ee9fba808ee5439e7100c26c09882d11 - registration status: 204
2026-04-11T12:42:53.581+07:00  INFO 30348 --- [order-service] [  restartedMain] [                                                 ] o.s.a.r.c.CachingConnectionFactory       : Created new connection: rabbitConnectionFactory#ec6c638:0/SimpleConnection@6ccafe42 [delegate=amqp://admin@127.0.0.1:5672/, localPort=65385]
2026-04-11T12:42:55.238+07:00  INFO 30348 --- [order-service] [  restartedMain] [                                                 ] c.C.o.OrderServiceApplication            : Started OrderServiceApplication in 31.388 seconds (process running for 32.484)
2026-04-11T12:43:01.680+07:00  WARN 30348 --- [order-service] [/api/v2/spans}}] [                                                 ] z.r.i.AsyncReporter$BoundedAsyncReporter : Spans were dropped due to exceptions. All subsequent errors will be logged at FINE level.
2026-04-11T12:43:01.681+07:00  WARN 30348 --- [order-service] [/api/v2/spans}}] [                                                 ] z.r.i.AsyncReporter$BoundedAsyncReporter : Dropped 1 spans due to HttpTimeoutException(request timed out)

java.net.http.HttpTimeoutException: request timed out
	at java.net.http/jdk.internal.net.http.HttpClientImpl.send(HttpClientImpl.java:949) ~[java.net.http:na]
	at java.net.http/jdk.internal.net.http.HttpClientFacade.send(HttpClientFacade.java:133) ~[java.net.http:na]
	at org.springframework.boot.actuate.autoconfigure.tracing.zipkin.ZipkinHttpClientSender.postSpans(ZipkinHttpClientSender.java:60) ~[spring-boot-actuator-autoconfigure-3.5.5.jar:3.5.5]
	at org.springframework.boot.actuate.autoconfigure.tracing.zipkin.HttpSender.postSpans(HttpSender.java:69) ~[spring-boot-actuator-autoconfigure-3.5.5.jar:3.5.5]
	at org.springframework.boot.actuate.autoconfigure.tracing.zipkin.HttpSender.postSpans(HttpSender.java:41) ~[spring-boot-actuator-autoconfigure-3.5.5.jar:3.5.5]
	at zipkin2.reporter.BaseHttpSender.send(BaseHttpSender.java:123) ~[zipkin-reporter-3.5.1.jar:na]
	at zipkin2.reporter.internal.AsyncReporter$BoundedAsyncReporter.flush(AsyncReporter.java:266) ~[zipkin-reporter-3.5.1.jar:na]
	at zipkin2.reporter.internal.AsyncReporter$Flusher.run(AsyncReporter.java:352) ~[zipkin-reporter-3.5.1.jar:na]
	at java.base/java.lang.Thread.run(Thread.java:1583) ~[na:na]

2026-04-11T12:43:20.679+07:00  INFO 30348 --- [order-service] [reshExecutor-%d] [                                                 ] com.netflix.discovery.DiscoveryClient    : Disable delta property : false
2026-04-11T12:43:20.679+07:00  INFO 30348 --- [order-service] [reshExecutor-%d] [                                                 ] com.netflix.discovery.DiscoveryClient    : Single vip registry refresh property : null
2026-04-11T12:43:20.679+07:00  INFO 30348 --- [order-service] [reshExecutor-%d] [                                                 ] com.netflix.discovery.DiscoveryClient    : Force full registry fetch : false
2026-04-11T12:43:20.679+07:00  INFO 30348 --- [order-service] [reshExecutor-%d] [                                                 ] com.netflix.discovery.DiscoveryClient    : Application is null : false
2026-04-11T12:43:20.679+07:00  INFO 30348 --- [order-service] [reshExecutor-%d] [                                                 ] com.netflix.discovery.DiscoveryClient    : Registered Applications size is zero : true
2026-04-11T12:43:20.679+07:00  INFO 30348 --- [order-service] [reshExecutor-%d] [                                                 ] com.netflix.discovery.DiscoveryClient    : Application version is -1: false
2026-04-11T12:43:20.679+07:00  INFO 30348 --- [order-service] [reshExecutor-%d] [                                                 ] com.netflix.discovery.DiscoveryClient    : Getting all instance registry info from the eureka server
2026-04-11T12:43:20.712+07:00  INFO 30348 --- [order-service] [reshExecutor-%d] [                                                 ] com.netflix.discovery.DiscoveryClient    : The response status is 200
2026-04-11T12:46:59.321+07:00  INFO 30348 --- [order-service] [nio-8083-exec-1] [                                                 ] o.a.c.c.C.[Tomcat].[localhost].[/]       : Initializing Spring DispatcherServlet 'dispatcherServlet'
2026-04-11T12:46:59.321+07:00  INFO 30348 --- [order-service] [nio-8083-exec-1] [                                                 ] o.s.web.servlet.DispatcherServlet        : Initializing Servlet 'dispatcherServlet'
2026-04-11T12:46:59.324+07:00  INFO 30348 --- [order-service] [nio-8083-exec-1] [                                                 ] o.s.web.servlet.DispatcherServlet        : Completed initialization in 3 ms
2026-04-11T12:47:50.312+07:00  INFO 30348 --- [order-service] [rap-executor-%d] [                                                 ] c.n.d.s.r.aws.ConfigClusterResolver      : Resolving eureka endpoints via configuration
2026-04-11T12:49:10.656+07:00  WARN 30348 --- [order-service] [nio-8083-exec-5] [69d9e0d616d1de7ea1f3d7b53d0058b6-a3b979ffe97ac10b] .m.m.a.ExceptionHandlerExceptionResolver : Resolved [org.springframework.web.servlet.resource.NoResourceFoundException: No static resource api/cart/4b202d4a-5cc8-42f8-b8f4-785305d8d15c.]
2026-04-11T12:51:03.200+07:00  WARN 30348 --- [order-service] [nio-8083-exec-6] [69d9e147c10efb67483c0dbdfb66c7e8-58bd4774ac7db424] .m.m.a.ExceptionHandlerExceptionResolver : Resolved [org.springframework.web.servlet.resource.NoResourceFoundException: No static resource api/cart/4b202d4a-5cc8-42f8-b8f4-785305d8d15c.]
2026-04-11T12:51:22.596+07:00  WARN 30348 --- [order-service] [nio-8083-exec-3] [69d9e15a00a6c7bf7c284c621bf98899-97c31a64d342a5dd] .m.m.a.ExceptionHandlerExceptionResolver : Resolved [org.springframework.web.servlet.resource.NoResourceFoundException: No static resource api/cart/4b202d4a-5cc8-42f8-b8f4-785305d8d15c.]
2026-04-11T12:52:50.323+07:00  INFO 30348 --- [order-service] [rap-executor-%d] [                                                 ] c.n.d.s.r.aws.ConfigClusterResolver      : Resolving eureka endpoints via configuration
2026-04-11T12:54:30.952+07:00  WARN 30348 --- [order-service] [nio-8083-exec-7] [69d9e216a4e4f8f817cb4dbfbba9eec3-cd770ef58a235175] .m.m.a.ExceptionHandlerExceptionResolver : Resolved [org.springframework.web.servlet.resource.NoResourceFoundException: No static resource api/cart/4b202d4a-5cc8-42f8-b8f4-785305d8d15c.]
2026-04-11T12:57:50.331+07:00  INFO 30348 --- [order-service] [rap-executor-%d] [                                                 ] c.n.d.s.r.aws.ConfigClusterResolver      : Resolving eureka endpoints via configuration
2026-04-11T13:02:50.342+07:00  INFO 30348 --- [order-service] [rap-executor-%d] [                                                 ] c.n.d.s.r.aws.ConfigClusterResolver      : Resolving eureka endpoints via configuration
2026-04-11T13:07:50.345+07:00  INFO 30348 --- [order-service] [rap-executor-%d] [                                                 ] c.n.d.s.r.aws.ConfigClusterResolver      : Resolving eureka endpoints via configuration
2026-04-11T13:12:50.355+07:00  INFO 30348 --- [order-service] [rap-executor-%d] [                                                 ] c.n.d.s.r.aws.ConfigClusterResolver      : Resolving eureka endpoints via configuration
2026-04-11T13:17:50.360+07:00  INFO 30348 --- [order-service] [rap-executor-%d] [                                                 ] c.n.d.s.r.aws.ConfigClusterResolver      : Resolving eureka endpoints via configuration
2026-04-11T13:22:50.375+07:00  INFO 30348 --- [order-service] [rap-executor-%d] [                                                 ] c.n.d.s.r.aws.ConfigClusterResolver      : Resolving eureka endpoints via configuration
2026-04-11T13:27:50.384+07:00  INFO 30348 --- [order-service] [rap-executor-%d] [                                                 ] c.n.d.s.r.aws.ConfigClusterResolver      : Resolving eureka endpoints via configuration
