> Task :service-discovery:compileJava UP-TO-DATE
> Task :service-discovery:processResources UP-TO-DATE
> Task :service-discovery:classes UP-TO-DATE
> Task :service-discovery:resolveMainClassName UP-TO-DATE

> Task :service-discovery:bootRun

  .   ____          _            __ _ _
 /\\ / ___'_ __ _ _(_)_ __  __ _ \ \ \ \
( ( )\___ | '_ | '_| | '_ \/ _` | \ \ \ \
 \\/  ___)| |_)| | | | | || (_| |  ) ) ) )
  '  |____| .__|_| |_|_| |_\__, | / / / /
 =========|_|==============|___/=/_/_/_/

 :: Spring Boot ::                (v3.5.5)

2026-04-11T12:40:41.227+07:00  INFO 18724 --- [service-discovery] [           main] c.C.s.ServiceDiscoveryApplication        : Starting ServiceDiscoveryApplication using Java 21.0.6 with PID 18724 (D:\Code\School_Project\Java\IE303-Restaurant\backend\service-discovery\build\classes\java\main started by ADMIN in D:\Code\School_Project\Java\IE303-Restaurant\backend\service-discovery)
2026-04-11T12:40:41.229+07:00  INFO 18724 --- [service-discovery] [           main] c.C.s.ServiceDiscoveryApplication        : No active profile set, falling back to 1 default profile: "default"
2026-04-11T12:40:42.432+07:00  INFO 18724 --- [service-discovery] [           main] o.s.cloud.context.scope.GenericScope     : BeanFactory id=bdffc737-f7ec-3c03-a1e4-c0a54fce6b98
2026-04-11T12:40:42.802+07:00  INFO 18724 --- [service-discovery] [           main] o.s.b.w.embedded.tomcat.TomcatWebServer  : Tomcat initialized with port 8761 (http)
2026-04-11T12:40:42.822+07:00  INFO 18724 --- [service-discovery] [           main] o.apache.catalina.core.StandardService   : Starting service [Tomcat]
2026-04-11T12:40:42.823+07:00  INFO 18724 --- [service-discovery] [           main] o.apache.catalina.core.StandardEngine    : Starting Servlet engine: [Apache Tomcat/10.1.44]
2026-04-11T12:40:43.706+07:00  INFO 18724 --- [service-discovery] [           main] o.a.c.c.C.[Tomcat].[localhost].[/]       : Initializing Spring embedded WebApplicationContext
2026-04-11T12:40:43.706+07:00  INFO 18724 --- [service-discovery] [           main] w.s.c.ServletWebServerApplicationContext : Root WebApplicationContext: initialization completed in 2388 ms
2026-04-11T12:40:59.271+07:00  INFO 18724 --- [service-discovery] [           main] c.n.d.provider.DiscoveryJerseyProvider   : Using JSON encoding codec LegacyJacksonJson
2026-04-11T12:40:59.277+07:00  INFO 18724 --- [service-discovery] [           main] c.n.d.provider.DiscoveryJerseyProvider   : Using JSON decoding codec LegacyJacksonJson
2026-04-11T12:40:59.529+07:00  INFO 18724 --- [service-discovery] [           main] c.n.d.provider.DiscoveryJerseyProvider   : Using XML encoding codec XStreamXml
2026-04-11T12:40:59.529+07:00  INFO 18724 --- [service-discovery] [           main] c.n.d.provider.DiscoveryJerseyProvider   : Using XML decoding codec XStreamXml
2026-04-11T12:40:59.686+07:00  INFO 18724 --- [service-discovery] [           main] o.s.v.b.OptionalValidatorFactoryBean     : Failed to set up a Bean Validation provider: jakarta.validation.NoProviderFoundException: Unable to create a Configuration, because no Jakarta Bean Validation provider could be found. Add a provider like Hibernate Validator (RI) to your classpath.
2026-04-11T12:41:00.513+07:00  WARN 18724 --- [service-discovery] [           main] iguration$LoadBalancerCaffeineWarnLogger : Spring Cloud LoadBalancer is currently working with the default cache. While this cache implementation is useful for development and tests, it's recommended to use Caffeine cache in production.You can switch to using Caffeine cache, by adding it and org.springframework.cache.caffeine.CaffeineCacheManager to the classpath.
2026-04-11T12:41:00.532+07:00  INFO 18724 --- [service-discovery] [           main] o.s.c.n.eureka.InstanceInfoFactory       : Setting initial instance status as: STARTING
2026-04-11T12:41:00.558+07:00  INFO 18724 --- [service-discovery] [           main] com.netflix.discovery.DiscoveryClient    : Initializing Eureka in region us-east-1
2026-04-11T12:41:00.558+07:00  INFO 18724 --- [service-discovery] [           main] com.netflix.discovery.DiscoveryClient    : Client configured to neither register nor query for data.
2026-04-11T12:41:00.560+07:00  INFO 18724 --- [service-discovery] [           main] com.netflix.discovery.DiscoveryClient    : Discovery Client initialized at timestamp 1775886060559 with initial instances count: 0
2026-04-11T12:41:00.664+07:00  INFO 18724 --- [service-discovery] [           main] c.n.eureka.DefaultEurekaServerContext    : Initializing ...
2026-04-11T12:41:00.665+07:00  INFO 18724 --- [service-discovery] [           main] c.n.eureka.cluster.PeerEurekaNodes       : Adding new peer nodes [http://localhost:8761/eureka/]
2026-04-11T12:41:00.817+07:00  INFO 18724 --- [service-discovery] [           main] c.n.d.provider.DiscoveryJerseyProvider   : Using JSON encoding codec LegacyJacksonJson
2026-04-11T12:41:00.817+07:00  INFO 18724 --- [service-discovery] [           main] c.n.d.provider.DiscoveryJerseyProvider   : Using JSON decoding codec LegacyJacksonJson
2026-04-11T12:41:00.817+07:00  INFO 18724 --- [service-discovery] [           main] c.n.d.provider.DiscoveryJerseyProvider   : Using XML encoding codec XStreamXml
2026-04-11T12:41:00.817+07:00  INFO 18724 --- [service-discovery] [           main] c.n.d.provider.DiscoveryJerseyProvider   : Using XML decoding codec XStreamXml
2026-04-11T12:41:00.857+07:00  INFO 18724 --- [service-discovery] [           main] c.n.eureka.cluster.PeerEurekaNodes       : Replica node URL:  http://localhost:8761/eureka/
2026-04-11T12:41:00.869+07:00  INFO 18724 --- [service-discovery] [           main] c.n.e.registry.AbstractInstanceRegistry  : Finished initializing remote region registries. All known remote regions: []
2026-04-11T12:41:00.869+07:00  INFO 18724 --- [service-discovery] [           main] c.n.eureka.DefaultEurekaServerContext    : Initialized
2026-04-11T12:41:00.878+07:00  INFO 18724 --- [service-discovery] [           main] o.s.b.a.e.web.EndpointLinksResolver      : Exposing 17 endpoints beneath base path '/actuator'
2026-04-11T12:41:00.941+07:00  INFO 18724 --- [service-discovery] [           main] o.s.c.n.e.s.EurekaServiceRegistry        : Registering application SERVICE-DISCOVERY with eureka with status UP
2026-04-11T12:41:00.955+07:00  INFO 18724 --- [service-discovery] [       Thread-9] o.s.c.n.e.server.EurekaServerBootstrap   : isAws returned false
2026-04-11T12:41:00.956+07:00  INFO 18724 --- [service-discovery] [       Thread-9] o.s.c.n.e.server.EurekaServerBootstrap   : Initialized server context
2026-04-11T12:41:00.956+07:00  INFO 18724 --- [service-discovery] [       Thread-9] c.n.e.r.PeerAwareInstanceRegistryImpl    : Got 1 instances from neighboring DS node
2026-04-11T12:41:00.956+07:00  INFO 18724 --- [service-discovery] [       Thread-9] c.n.e.r.PeerAwareInstanceRegistryImpl    : Renew threshold is: 1
2026-04-11T12:41:00.956+07:00  INFO 18724 --- [service-discovery] [       Thread-9] c.n.e.r.PeerAwareInstanceRegistryImpl    : Changing status to UP
2026-04-11T12:41:00.958+07:00  INFO 18724 --- [service-discovery] [       Thread-9] e.s.EurekaServerInitializerConfiguration : Started Eureka Server
2026-04-11T12:41:00.970+07:00  INFO 18724 --- [service-discovery] [           main] o.s.b.w.embedded.tomcat.TomcatWebServer  : Tomcat started on port 8761 (http) with context path '/'
2026-04-11T12:41:00.972+07:00  INFO 18724 --- [service-discovery] [           main] .s.c.n.e.s.EurekaAutoServiceRegistration : Updating port to 8761
2026-04-11T12:41:00.992+07:00  INFO 18724 --- [service-discovery] [           main] c.C.s.ServiceDiscoveryApplication        : Started ServiceDiscoveryApplication in 20.683 seconds (process running for 21.54)
2026-04-11T12:42:00.957+07:00  INFO 18724 --- [service-discovery] [a-EvictionTimer] c.n.e.registry.AbstractInstanceRegistry  : Running the evict task with compensationTime 0ms
2026-04-11T12:42:46.983+07:00  INFO 18724 --- [service-discovery] [nio-8761-exec-1] o.a.c.c.C.[Tomcat].[localhost].[/]       : Initializing Spring DispatcherServlet 'dispatcherServlet'
2026-04-11T12:42:46.994+07:00  INFO 18724 --- [service-discovery] [nio-8761-exec-1] o.s.web.servlet.DispatcherServlet        : Initializing Servlet 'dispatcherServlet'
2026-04-11T12:42:47.223+07:00  INFO 18724 --- [service-discovery] [nio-8761-exec-1] o.s.web.servlet.DispatcherServlet        : Completed initialization in 219 ms
2026-04-11T12:42:51.245+07:00  INFO 18724 --- [service-discovery] [nio-8761-exec-2] c.n.e.registry.AbstractInstanceRegistry  : Registered instance DASHBOARD-SERVICE/dashboard-service:8089:644743f1e4d45ba7a7ed1139fec11ac0 with status UP (replication=false)
2026-04-11T12:42:51.245+07:00  INFO 18724 --- [service-discovery] [nio-8761-exec-4] c.n.e.registry.AbstractInstanceRegistry  : Registered instance API-GATEWAY/api-gateway:8080:56dbb11e19f6493451c9f24774ac1697 with status UP (replication=false)
2026-04-11T12:42:51.250+07:00  INFO 18724 --- [service-discovery] [nio-8761-exec-6] c.n.e.registry.AbstractInstanceRegistry  : Registered instance ORDER-SERVICE/order-service:8083:ee9fba808ee5439e7100c26c09882d11 with status UP (replication=false)
2026-04-11T12:42:54.795+07:00  INFO 18724 --- [service-discovery] [nio-8761-exec-7] c.n.e.registry.AbstractInstanceRegistry  : Registered instance API-GATEWAY/api-gateway:8080:56dbb11e19f6493451c9f24774ac1697 with status UP (replication=true)
2026-04-11T12:42:54.796+07:00  INFO 18724 --- [service-discovery] [nio-8761-exec-7] c.n.e.registry.AbstractInstanceRegistry  : Registered instance ORDER-SERVICE/order-service:8083:ee9fba808ee5439e7100c26c09882d11 with status UP (replication=true)
2026-04-11T12:42:54.796+07:00  INFO 18724 --- [service-discovery] [nio-8761-exec-7] c.n.e.registry.AbstractInstanceRegistry  : Registered instance DASHBOARD-SERVICE/dashboard-service:8089:644743f1e4d45ba7a7ed1139fec11ac0 with status UP (replication=true)
2026-04-11T12:42:56.942+07:00  INFO 18724 --- [service-discovery] [nio-8761-exec-9] c.n.e.registry.AbstractInstanceRegistry  : Registered instance USER-SERVICE/user-service:8081:a7517f3e2540ff56b5454d240e022065 with status UP (replication=false)
2026-04-11T12:42:57.457+07:00  INFO 18724 --- [service-discovery] [io-8761-exec-10] c.n.e.registry.AbstractInstanceRegistry  : Registered instance USER-SERVICE/user-service:8081:a7517f3e2540ff56b5454d240e022065 with status UP (replication=true)
2026-04-11T12:42:59.562+07:00  INFO 18724 --- [service-discovery] [nio-8761-exec-3] c.n.e.registry.AbstractInstanceRegistry  : Registered instance RESTAURANT-SERVICE/restaurant-service:8085:36caaaec32a65ce274e6cbce6736531e with status UP (replication=false)
2026-04-11T12:43:00.076+07:00  INFO 18724 --- [service-discovery] [nio-8761-exec-5] c.n.e.registry.AbstractInstanceRegistry  : Registered instance RESTAURANT-SERVICE/restaurant-service:8085:36caaaec32a65ce274e6cbce6736531e with status UP (replication=true)
2026-04-11T12:43:00.957+07:00  INFO 18724 --- [service-discovery] [a-EvictionTimer] c.n.e.registry.AbstractInstanceRegistry  : Running the evict task with compensationTime 0ms
2026-04-11T12:44:00.970+07:00  INFO 18724 --- [service-discovery] [a-EvictionTimer] c.n.e.registry.AbstractInstanceRegistry  : Running the evict task with compensationTime 12ms
2026-04-11T12:45:00.979+07:00  INFO 18724 --- [service-discovery] [a-EvictionTimer] c.n.e.registry.AbstractInstanceRegistry  : Running the evict task with compensationTime 9ms
2026-04-11T12:46:00.983+07:00  INFO 18724 --- [service-discovery] [a-EvictionTimer] c.n.e.registry.AbstractInstanceRegistry  : Running the evict task with compensationTime 4ms
2026-04-11T12:47:00.983+07:00  INFO 18724 --- [service-discovery] [a-EvictionTimer] c.n.e.registry.AbstractInstanceRegistry  : Running the evict task with compensationTime 0ms
2026-04-11T12:48:00.984+07:00  INFO 18724 --- [service-discovery] [a-EvictionTimer] c.n.e.registry.AbstractInstanceRegistry  : Running the evict task with compensationTime 1ms
2026-04-11T12:49:00.996+07:00  INFO 18724 --- [service-discovery] [a-EvictionTimer] c.n.e.registry.AbstractInstanceRegistry  : Running the evict task with compensationTime 12ms
2026-04-11T12:50:01.008+07:00  INFO 18724 --- [service-discovery] [a-EvictionTimer] c.n.e.registry.AbstractInstanceRegistry  : Running the evict task with compensationTime 11ms
2026-04-11T12:51:01.024+07:00  INFO 18724 --- [service-discovery] [a-EvictionTimer] c.n.e.registry.AbstractInstanceRegistry  : Running the evict task with compensationTime 15ms
2026-04-11T12:52:01.028+07:00  INFO 18724 --- [service-discovery] [a-EvictionTimer] c.n.e.registry.AbstractInstanceRegistry  : Running the evict task with compensationTime 3ms
2026-04-11T12:53:01.030+07:00  INFO 18724 --- [service-discovery] [a-EvictionTimer] c.n.e.registry.AbstractInstanceRegistry  : Running the evict task with compensationTime 2ms
2026-04-11T12:54:01.048+07:00  INFO 18724 --- [service-discovery] [a-EvictionTimer] c.n.e.registry.AbstractInstanceRegistry  : Running the evict task with compensationTime 18ms
2026-04-11T12:55:01.049+07:00  INFO 18724 --- [service-discovery] [a-EvictionTimer] c.n.e.registry.AbstractInstanceRegistry  : Running the evict task with compensationTime 0ms
2026-04-11T12:56:00.878+07:00  INFO 18724 --- [service-discovery] [hresholdUpdater] c.n.e.r.PeerAwareInstanceRegistryImpl    : Current renewal threshold is : 10
2026-04-11T12:56:01.050+07:00  INFO 18724 --- [service-discovery] [a-EvictionTimer] c.n.e.registry.AbstractInstanceRegistry  : Running the evict task with compensationTime 1ms
2026-04-11T12:57:01.052+07:00  INFO 18724 --- [service-discovery] [a-EvictionTimer] c.n.e.registry.AbstractInstanceRegistry  : Running the evict task with compensationTime 2ms
2026-04-11T12:58:01.064+07:00  INFO 18724 --- [service-discovery] [a-EvictionTimer] c.n.e.registry.AbstractInstanceRegistry  : Running the evict task with compensationTime 12ms
2026-04-11T12:59:01.064+07:00  INFO 18724 --- [service-discovery] [a-EvictionTimer] c.n.e.registry.AbstractInstanceRegistry  : Running the evict task with compensationTime 0ms
2026-04-11T13:00:01.065+07:00  INFO 18724 --- [service-discovery] [a-EvictionTimer] c.n.e.registry.AbstractInstanceRegistry  : Running the evict task with compensationTime 0ms
2026-04-11T13:01:01.066+07:00  INFO 18724 --- [service-discovery] [a-EvictionTimer] c.n.e.registry.AbstractInstanceRegistry  : Running the evict task with compensationTime 1ms
2026-04-11T13:02:01.078+07:00  INFO 18724 --- [service-discovery] [a-EvictionTimer] c.n.e.registry.AbstractInstanceRegistry  : Running the evict task with compensationTime 12ms
2026-04-11T13:03:01.079+07:00  INFO 18724 --- [service-discovery] [a-EvictionTimer] c.n.e.registry.AbstractInstanceRegistry  : Running the evict task with compensationTime 0ms
2026-04-11T13:04:01.079+07:00  INFO 18724 --- [service-discovery] [a-EvictionTimer] c.n.e.registry.AbstractInstanceRegistry  : Running the evict task with compensationTime 0ms
2026-04-11T13:05:01.083+07:00  INFO 18724 --- [service-discovery] [a-EvictionTimer] c.n.e.registry.AbstractInstanceRegistry  : Running the evict task with compensationTime 3ms
2026-04-11T13:06:01.083+07:00  INFO 18724 --- [service-discovery] [a-EvictionTimer] c.n.e.registry.AbstractInstanceRegistry  : Running the evict task with compensationTime 0ms
2026-04-11T13:07:01.093+07:00  INFO 18724 --- [service-discovery] [a-EvictionTimer] c.n.e.registry.AbstractInstanceRegistry  : Running the evict task with compensationTime 10ms
2026-04-11T13:08:01.097+07:00  INFO 18724 --- [service-discovery] [a-EvictionTimer] c.n.e.registry.AbstractInstanceRegistry  : Running the evict task with compensationTime 3ms
2026-04-11T13:09:01.107+07:00  INFO 18724 --- [service-discovery] [a-EvictionTimer] c.n.e.registry.AbstractInstanceRegistry  : Running the evict task with compensationTime 9ms
2026-04-11T13:10:01.109+07:00  INFO 18724 --- [service-discovery] [a-EvictionTimer] c.n.e.registry.AbstractInstanceRegistry  : Running the evict task with compensationTime 3ms
2026-04-11T13:11:00.879+07:00  INFO 18724 --- [service-discovery] [hresholdUpdater] c.n.e.r.PeerAwareInstanceRegistryImpl    : Current renewal threshold is : 10
2026-04-11T13:11:01.110+07:00  INFO 18724 --- [service-discovery] [a-EvictionTimer] c.n.e.registry.AbstractInstanceRegistry  : Running the evict task with compensationTime 0ms
2026-04-11T13:12:01.111+07:00  INFO 18724 --- [service-discovery] [a-EvictionTimer] c.n.e.registry.AbstractInstanceRegistry  : Running the evict task with compensationTime 1ms
2026-04-11T13:13:01.118+07:00  INFO 18724 --- [service-discovery] [a-EvictionTimer] c.n.e.registry.AbstractInstanceRegistry  : Running the evict task with compensationTime 6ms
2026-04-11T13:14:01.119+07:00  INFO 18724 --- [service-discovery] [a-EvictionTimer] c.n.e.registry.AbstractInstanceRegistry  : Running the evict task with compensationTime 1ms
2026-04-11T13:15:01.120+07:00  INFO 18724 --- [service-discovery] [a-EvictionTimer] c.n.e.registry.AbstractInstanceRegistry  : Running the evict task with compensationTime 0ms
2026-04-11T13:16:01.121+07:00  INFO 18724 --- [service-discovery] [a-EvictionTimer] c.n.e.registry.AbstractInstanceRegistry  : Running the evict task with compensationTime 0ms
2026-04-11T13:17:01.127+07:00  INFO 18724 --- [service-discovery] [a-EvictionTimer] c.n.e.registry.AbstractInstanceRegistry  : Running the evict task with compensationTime 6ms
2026-04-11T13:18:01.128+07:00  INFO 18724 --- [service-discovery] [a-EvictionTimer] c.n.e.registry.AbstractInstanceRegistry  : Running the evict task with compensationTime 0ms
2026-04-11T13:19:01.132+07:00  INFO 18724 --- [service-discovery] [a-EvictionTimer] c.n.e.registry.AbstractInstanceRegistry  : Running the evict task with compensationTime 4ms
2026-04-11T13:20:01.147+07:00  INFO 18724 --- [service-discovery] [a-EvictionTimer] c.n.e.registry.AbstractInstanceRegistry  : Running the evict task with compensationTime 14ms
2026-04-11T13:21:01.148+07:00  INFO 18724 --- [service-discovery] [a-EvictionTimer] c.n.e.registry.AbstractInstanceRegistry  : Running the evict task with compensationTime 0ms
2026-04-11T13:22:01.155+07:00  INFO 18724 --- [service-discovery] [a-EvictionTimer] c.n.e.registry.AbstractInstanceRegistry  : Running the evict task with compensationTime 7ms
2026-04-11T13:23:01.158+07:00  INFO 18724 --- [service-discovery] [a-EvictionTimer] c.n.e.registry.AbstractInstanceRegistry  : Running the evict task with compensationTime 3ms
2026-04-11T13:24:01.159+07:00  INFO 18724 --- [service-discovery] [a-EvictionTimer] c.n.e.registry.AbstractInstanceRegistry  : Running the evict task with compensationTime 0ms
2026-04-11T13:25:01.171+07:00  INFO 18724 --- [service-discovery] [a-EvictionTimer] c.n.e.registry.AbstractInstanceRegistry  : Running the evict task with compensationTime 12ms
2026-04-11T13:26:00.880+07:00  INFO 18724 --- [service-discovery] [hresholdUpdater] c.n.e.r.PeerAwareInstanceRegistryImpl    : Current renewal threshold is : 10
2026-04-11T13:26:01.176+07:00  INFO 18724 --- [service-discovery] [a-EvictionTimer] c.n.e.registry.AbstractInstanceRegistry  : Running the evict task with compensationTime 4ms
2026-04-11T13:27:01.176+07:00  INFO 18724 --- [service-discovery] [a-EvictionTimer] c.n.e.registry.AbstractInstanceRegistry  : Running the evict task with compensationTime 0ms
2026-04-11T13:28:01.184+07:00  INFO 18724 --- [service-discovery] [a-EvictionTimer] c.n.e.registry.AbstractInstanceRegistry  : Running the evict task with compensationTime 8ms
2026-04-11T13:29:01.197+07:00  INFO 18724 --- [service-discovery] [a-EvictionTimer] c.n.e.registry.AbstractInstanceRegistry  : Running the evict task with compensationTime 13ms
2026-04-11T13:30:01.197+07:00  INFO 18724 --- [service-discovery] [a-EvictionTimer] c.n.e.registry.AbstractInstanceRegistry  : Running the evict task with compensationTime 0ms
2026-04-11T13:31:01.211+07:00  INFO 18724 --- [service-discovery] [a-EvictionTimer] c.n.e.registry.AbstractInstanceRegistry  : Running the evict task with compensationTime 15ms
2026-04-11T13:32:01.219+07:00  INFO 18724 --- [service-discovery] [a-EvictionTimer] c.n.e.registry.AbstractInstanceRegistry  : Running the evict task with compensationTime 6ms
2026-04-11T13:33:01.226+07:00  INFO 18724 --- [service-discovery] [a-EvictionTimer] c.n.e.registry.AbstractInstanceRegistry  : Running the evict task with compensationTime 7ms
